
> @vestcodes/vcecom@0.0.0 test /Users/sarwagya/Desktop/personal/vestcodes/ecommerce
> turbo run test

• Packages in scope: @vcecom/db, @vcecom/typescript-config, @vestcodes/vcecom-admin, @vestcodes/vcecom-backend
• Running test in 4 packages
• Remote caching disabled
@vcecom/db:test: cache miss, executing b3b735ff9379146c
@vcecom/db:build: cache miss, executing 8548814be3526347
@vestcodes/vcecom-admin:test: cache hit, replaying logs 1e82647ce44c489d
@vestcodes/vcecom-admin:test: 
@vestcodes/vcecom-admin:test: > @vestcodes/vcecom-admin@0.1.0 test /Users/sarwagya/Desktop/personal/vestcodes/ecommerce/apps/admin
@vestcodes/vcecom-admin:test: > jest
@vestcodes/vcecom-admin:test: 
@vestcodes/vcecom-admin:test: PASS __tests__/lib/api.test.ts
@vestcodes/vcecom-admin:test: PASS __tests__/components/orders/order-list.test.tsx
@vestcodes/vcecom-admin:test: PASS __tests__/components/orders/order-details.test.tsx
@vestcodes/vcecom-admin:test: PASS __tests__/hooks/use-orders.test.tsx
@vestcodes/vcecom-admin:test: PASS __tests__/hooks/use-order-mutations.test.tsx
@vestcodes/vcecom-admin:test: PASS __tests__/components/products/product-form.test.tsx
@vestcodes/vcecom-admin:test: PASS __tests__/app/dashboard/page.test.tsx
@vestcodes/vcecom-admin:test: PASS __tests__/hooks/use-product-mutations.test.tsx
@vestcodes/vcecom-admin:test: PASS __tests__/hooks/use-recent-orders.test.tsx
@vestcodes/vcecom-admin:test: PASS __tests__/hooks/use-products.test.tsx
@vestcodes/vcecom-admin:test: PASS __tests__/hooks/use-admin-stats.test.tsx
@vestcodes/vcecom-admin:test: PASS __tests__/components/auth/login-form.test.tsx
@vestcodes/vcecom-admin:test: PASS __tests__/components/products/product-list.test.tsx
@vestcodes/vcecom-admin:test: PASS __tests__/components/dashboard/recent-orders.test.tsx
@vestcodes/vcecom-admin:test: PASS __tests__/components/dashboard/overview-cards.test.tsx
@vestcodes/vcecom-admin:test: PASS __tests__/components/dashboard/stats-chart.test.tsx
@vestcodes/vcecom-admin:test: PASS __tests__/lib/auth.test.ts
@vestcodes/vcecom-admin:test: 
@vestcodes/vcecom-admin:test: Test Suites: 17 passed, 17 total
@vestcodes/vcecom-admin:test: Tests:       10 skipped, 73 passed, 83 total
@vestcodes/vcecom-admin:test: Snapshots:   0 total
@vestcodes/vcecom-admin:test: Time:        3.321 s
@vestcodes/vcecom-admin:test: Ran all test suites.
@vcecom/db:test: 
@vcecom/db:test: > @vcecom/db@0.0.0 test /Users/sarwagya/Desktop/personal/vestcodes/ecommerce/packages/db
@vcecom/db:test: > echo 'Skipping DB tests' && exit 0
@vcecom/db:test: 
@vcecom/db:build: 
@vcecom/db:build: > @vcecom/db@0.0.0 build /Users/sarwagya/Desktop/personal/vestcodes/ecommerce/packages/db
@vcecom/db:build: > tsc
@vcecom/db:build: 
@vcecom/db:test: Skipping DB tests
@vcecom/db:build: src/schema/collections.ts(21,18): error TS2345: Argument of type 'string' is not assignable to parameter of type 'Table<TableConfig<Column<any, object, object>>>'.
@vcecom/db:build: src/schema/tags.ts(21,18): error TS2345: Argument of type 'string' is not assignable to parameter of type 'Table<TableConfig<Column<any, object, object>>>'.
@vcecom/db:build:  ELIFECYCLE  Command failed with exit code 2.

 Tasks:    2 successful, 3 total
Cached:    1 cached, 3 total
  Time:    998ms 
Failed:    @vcecom/db#build

 ELIFECYCLE  Test failed. See above for more details.
